node (x : int)
  returns (y)
  assumes ()
  shows ()
let
  a = x
  b = x
  c = Sub(a, b)
  d = Add(a, b)
  y = Add(c, d)
tel
--- Step 1 ---
x : int  = 1
y = 2
--- Step 2 ---
x : int  = 2
y = 4
--- Step 3 ---
x : int  = 3
y = 6
--- Step 4 ---
x : int  = 4
y = 8
--- Step 5 ---
x : int  = (EOF)
