PhaseToCore
===========

node (x : real)
  returns (y, z)
  assumes ()
  shows ()
let
  y : int
    = IntCast(x)
   
  z : int
    = FloorCast(x)
tel

--- Step 1 ---
x : real  = 2.5
y = 2
z = 2
--- Step 2 ---
x : real  = 3.5
y = 3
z = 3
--- Step 3 ---
x : real  = -2.5
y = -2
z = -3
--- Step 4 ---
x : real  = -3.5
y = -3
z = -4
--- Step 5 ---
x : real  = (EOF)
