node (x : int)
  returns (y)
  assumes ()
  shows ()
let
  y : int
    = ITE(Gt(x, 5), 0, 1)
tel
--- Step 1 ---
x : int  = 7
y = 0
--- Step 2 ---
x : int  = 7
y = 0
--- Step 3 ---
x : int  = 5
y = 1
--- Step 4 ---
x : int  = 5
y = 1
--- Step 5 ---
x : int  = 10
y = 0
--- Step 6 ---
x : int  = 10
y = 0
--- Step 7 ---
x : int  = 6
y = 0
--- Step 8 ---
x : int  = 6
y = 0
--- Step 9 ---
x : int  = 11
y = 0
--- Step 10 ---
x : int  = (EOF)
