node (i : int)
  returns (x.x, x.y)
  assumes ()
  shows ()
let
  valof_pre_x.x = pre x.x
  x.x = 0 -> Add(valof_pre_x.x, i)
  valof_pre_x.y = pre x.y
  x.y = 0 -> valof_pre_x.y
tel
--- Step 1 ---
i : int  = 1
x.x = 0
x.y = 0
--- Step 2 ---
i : int  = 2
x.x = 2
x.y = 0
--- Step 3 ---
i : int  = 3
x.x = 5
x.y = 0
--- Step 4 ---
i : int  = 4
x.x = 9
x.y = 0
--- Step 5 ---
i : int  = 5
x.x = 14
x.y = 0
